<html>
<body>
<pre>
<h1>礦ision Build Log</h1>
<h2>Project:</h2>
E:\Electronics\Product\5.STM32\STM32F103ZET6 V3.0\贝一特STM32F103ZET6 V3.0开发板资料\贝一特STM32F103ZET6  V3.0 开发板资料\贝一特STM32F103ZET6核心板 测试程序\3.测试程序：Stm32_串口实验（中断方式收发波特率115200）\test.uvproj
Project File Date:  09/12/2014

<h2>Output:</h2>
Build target 'Target 1'
compiling main.c...
compiling usart.c...
compiling stm32f10x_flash.c...
compiling stm32f10x_gpio.c...
compiling stm32f10x_rcc.c...
compiling stm32f10x_usart.c...
linking...
Program Size: Code=4834 RO-data=814 RW-data=24 ZI-data=2144  
FromELF: creating hex file...
".\OBJ\test.axf" - 0 Error(s), 0 Warning(s).
Build target 'Target 1'
compiling main.c...
compiling stm32f10x_flash.c...
compiling stm32f10x_gpio.c...
compiling stm32f10x_rcc.c...
compiling stm32f10x_usart.c...
linking...
Program Size: Code=4828 RO-data=336 RW-data=24 ZI-data=2144  
FromELF: creating hex file...
".\OBJ\test.axf" - 0 Error(s), 0 Warning(s).
Build target 'Target 1'
compiling main.c...
compiling stm32f10x_flash.c...
compiling stm32f10x_gpio.c...
compiling stm32f10x_rcc.c...
compiling stm32f10x_usart.c...
linking...
Program Size: Code=4794 RO-data=814 RW-data=24 ZI-data=2144  
FromELF: creating hex file...
".\OBJ\test.axf" - 0 Error(s), 0 Warning(s).
